MO transmitter NULL transmitter.v vlg3D/transmitter.bin 1539145372
MO top NULL top.v vlg6F/top.bin 1539145372
MO simple NULL simple.v vlg52/simple.bin 1539137417
MO receiver NULL receiver.v vlg61/receiver.bin 1539145372
MO baud_rate_gen NULL baud_rate_gen.v vlg64/baud__rate__gen.bin 1539145372
MO interface NULL simple.v vlg09/interface.bin 1539145372
MO uart NULL uart.v vlg48/uart.bin 1539145372
MO alu NULL alu.v vlg0A/alu.bin 1539145372
