MO transmitter NULL transmitter.v vlg3D/transmitter.bin 1539181958
MO top NULL top.v vlg6F/top.bin 1539181958
MO receiver NULL receiver.v vlg61/receiver.bin 1539181958
MO baud_rate_gen NULL baud_rate_gen.v vlg64/baud__rate__gen.bin 1539181958
MO interface NULL simple.v vlg09/interface.bin 1539181958
MO uart NULL uart.v vlg48/uart.bin 1539181958
